// Jest Snapshot v1, https://goo.gl/fbAQLP

exports[`test for <AppRouter /> should show login if user is not auth 1`] = `
<div>
  <div
    className="container mt-5"
  >
    <h1>
       Login Screen
    </h1>
    <hr />
    <button
      className="btn btn-dark"
      onClick={[Function]}
    >
      Login
    </button>
  </div>
</div>
`;
